[cdn.jsdelivr.net/npm/bootstrap@5.2.3/dist/css/bootstrap.min.css]
[cdn.jsdelivr.net/npm/bootstrap-icons@1.10.3/font/bootstrap-icons.css]
[maxcdn.bootstrapcdn.com/font-awesome/4.7.0/css/font-awesome.min.css]
[cdn.jsdelivr.net/npm/sweetalert2@11.7.3/dist/sweetalert2.min.css]
[cdnjs.cloudflare.com/ajax/libs/lightslider/1.1.3/css/lightslider.min.css]
[cdnjs.cloudflare.com/ajax/libs/lightgallery/1.2.3/css/lightgallery.min.css]
[backblue.gif]
[fade.gif]
[index.html]
[quyettranlux.com/images/quyet-tran-lux-favicon.png]
[quyettranlux.com/images/quyet-tran-lux-logo-1_1.png]
[quyettranlux.com/images/quyet-tran-lux-bat-dong-san-hang-hieu-banner (1) 1_1.jpg]
[quyettranlux.com/images/quyet-tran-lux-bat-dong-san-hang-hieu-banner-mobile 1.jpg]
[quyettranlux.com/images/Untitled design (73).png]
[quyettranlux.com/images/Untitled design (71).png]
[quyettranlux.com/images/quyet-tran-lux-bat-dong-san-hang-hieu-banner (5).jpg]
[quyettranlux.com/images/quyet-tran-lux-bat-dong-san-hang-hieu-banner-mobile (1).jpg]
[quyettranlux.com/images/Masterise-home-logo (1).png]
[quyettranlux.com/images/hongkong-land-developer (1).png]
[quyettranlux.com/images/keppel-land-logo-bw (1) (1).png]
[quyettranlux.com/images/capitaland-logo-bw (1).png]
[quyettranlux.com/images/mapletree-logo-bw-2.png]
[quyettranlux.com/images/Picture1 (1).png]
[quyettranlux.com/images/Picture3 (1).png]
[quyettranlux.com/images/grand-marina.jpg]
[quyettranlux.com/images/Zenity - Overall Facade (night time) (2)_1.jpg]
[quyettranlux.com/images/225809762623daa8f976d8_1.jpg]
[quyettranlux.com/images/237834-Lancaster-Legacy-Rooftop-View (1).jpg]
[truststone.blob.core.windows.net/images/f4792558-1521-4f6c-9244-198b22d2db79/6d1771dfcd444a11bcf29826b09b40ab.jpg]
[quyettranlux.com/images/R (11).jpg]
[quyettranlux.com/images/the-kdt-global-city-2 (2).jpg]
[quyettranlux.com/images/Facade 1.jpg]
[quyettranlux.com/images/z4905606642421_27cb0d6e1fa0e3b24e63a2ed273f21fe (1).jpg]
[quyettranlux.com/images/khachhang-nen.png]
[quyettranlux.com/images/family-icon.png]
[quyettranlux.com/images/male-icon.png]
[quyettranlux.com/images/female-icon.png]
[quyettranlux.com/images/celesta-heighs-khuon-vien_1.jpg]
[quyettranlux.com/images/photo_2024-02-17_09-39-27.jpg]
[quyettranlux.com/images/424914883_950345663764257_1525595607329085420_n.jpg]
[quyettranlux.com/images/425531418_912738507522420_1373510394276572250_n.jpg]
[quyettranlux.com/images/image (48).jpg]
[quyettranlux.com/images/Untitled design (62).png]
[quyettranlux.com/images/Untitled design (63).png]
[quyettranlux.com/images/icons/zalo.png]
[quyettranlux.com/images/icons/phone.png]
[quyettranlux.com/images/quyet-tran-lux-logo-1.png]
[quyettranlux.com/js/jquery.min.js]
[cdn.jsdelivr.net/npm/bootstrap@5.2.3/dist/js/bootstrap.bundle.min.js]
[cdn.jsdelivr.net/npm/sweetalert2@11.7.3/dist/sweetalert2.all.min.js]
[cdnjs.cloudflare.com/ajax/libs/jquery-validate/1.17.0/jquery.validate.min.js]
[cdnjs.cloudflare.com/ajax/libs/jquery-validation-unobtrusive/4.0.0/jquery.validate.unobtrusive.min.js]
[cdnjs.cloudflare.com/ajax/libs/lightslider/1.1.3/js/lightslider.min.js]
[cdnjs.cloudflare.com/ajax/libs/lightgallery/1.2.3/js/lightgallery.min.js]
[quyettranlux.com/js/popper.min.js]
[quyettranlux.com/js/wow.min.js]
[quyettranlux.com/plugins/OwlCarousel/owl.carousel.min.js]
[quyettranlux.com/plugins/lightbox/lightbox.min.js]
[quyettranlux.com/js/page.js]
[quyettranlux.com/lib/jquery-ajax-unobtrusive/jquery.unobtrusive-ajax.min.js]
[quyettranlux.com/plugins/magnific-popup/jquery.magnific-popup.min.js]
[quyettranlux.com/index.html]
[cdn.jsdelivr.net/npm/bootstrap@5.2.3/dist/css/bootstrap.min.css]
[cdn.jsdelivr.net/npm/bootstrap-icons@1.10.3/font/fonts/bootstrap-iconsbf04.woff2]
[cdn.jsdelivr.net/npm/bootstrap-icons@1.10.3/font/fonts/bootstrap-iconsbf04.woff]
[cdn.jsdelivr.net/npm/bootstrap-icons@1.10.3/font/bootstrap-icons.css]
[maxcdn.bootstrapcdn.com/font-awesome/4.7.0/css/font-awesome.min.css]
[cdn.jsdelivr.net/npm/sweetalert2@11.7.3/dist/sweetalert2.min.css]
[quyettranlux.com/css/animate.min.css]
[quyettranlux.com/css/ckeditor.css]
[quyettranlux.com/plugins/OwlCarousel/assets/owl.video.play.png]
[quyettranlux.com/plugins/OwlCarousel/assets/owl.carousel.min.css]
[quyettranlux.com/plugins/OwlCarousel/assets/owl.theme.default.min.css]
[quyettranlux.com/plugins/lightbox/images/loading.gif]
[quyettranlux.com/plugins/lightbox/lightbox.min.css]
[quyettranlux.com/css/site.css]
[quyettranlux.com/images/icons/next.png]
[quyettranlux.com/css/style2570.css]
[cdnjs.cloudflare.com/ajax/libs/lightslider/1.1.3/img/controls.png]
[cdnjs.cloudflare.com/ajax/libs/lightslider/1.1.3/css/lightslider.min.css]
[cdnjs.cloudflare.com/ajax/libs/lightgallery/1.2.3/img/vimeo-play.png]
[cdnjs.cloudflare.com/ajax/libs/lightgallery/1.2.3/img/video-play.png]
[cdnjs.cloudflare.com/ajax/libs/lightgallery/1.2.3/img/youtube-play.png]
[cdnjs.cloudflare.com/ajax/libs/lightgallery/1.2.3/img/loading.gif]
[cdnjs.cloudflare.com/ajax/libs/lightgallery/1.2.3/css/lightgallery.min.css]
[quyettranlux.com/plugins/magnific-popup/magnific-popup.css]
[quyettranlux.com/images/icons/tiktok0.svg]
[quyettranlux.com/images/icons/facebook0.svg]
[quyettranlux.com/images/icons/instargram0.svg]
[quyettranlux.com/images/icons/youtube0.svg]
[quyettranlux.com/images/quyet-tran-lux-bat-dong-san-hang-hieu-banner (4).jpg]
[quyettranlux.com/images/quyet-tran-lux-bat-dong-san-hang-hieu-banner-mobile-4.jpg]
[truststone.blob.core.windows.net/images/e43e98bb-1882-45bb-9197-6626e7e73f49/Grand-Marina-Saigon-2.jpg]
[truststone.blob.core.windows.net/images/e43e98bb-1882-45bb-9197-6626e7e73f49/the-global-city-toan-canh.jpg]
[truststone.blob.core.windows.net/images/e43e98bb-1882-45bb-9197-6626e7e73f49/MCP_EXT_Masteri-Centre-Point.jpg]
[truststone.blob.core.windows.net/images/e43e98bb-1882-45bb-9197-6626e7e73f49/Facade 1_2.jpg]
[truststone.blob.core.windows.net/images/e43e98bb-1882-45bb-9197-6626e7e73f49/du-an-eaton-park-1024x640.jpg]
[truststone.blob.core.windows.net/images/e43e98bb-1882-45bb-9197-6626e7e73f49/The-MarQ-4(1).jpg]
[truststone.blob.core.windows.net/images/e43e98bb-1882-45bb-9197-6626e7e73f49/zenity-capitaland-toan-canh.jpg]
[truststone.blob.core.windows.net/images/e43e98bb-1882-45bb-9197-6626e7e73f49/Can-ho-chung-cu-lancaster-legacy-nguyen-trai-trung-thuy-banner_2.jpg]
[truststone.blob.core.windows.net/images/e43e98bb-1882-45bb-9197-6626e7e73f49/can-ho-chung-cu-delasol-quan-4-banner.jpg]
[quyettranlux.com/projects.html]
[quyettranlux.com/images/quyet-tran-lux-bat-dong-san-hang-hieu-banner (2).jpg]
[quyettranlux.com/images/quyet-tran-lux-bat-dong-san-hang-hieu-banner-mobile-3.jpg]
[quyettranlux.com/images/an-phuong-avt-iqi.jpg]
[quyettranlux.com/members.html]
[quyettranlux.com/images/Untitled design (60).png]
[quyettranlux.com/images/Untitled design (61).png]
[quyettranlux.com/images/z5098459985734_4a526376f0b84b347700e33098d47c7a (1).jpg]
[quyettranlux.com/images/Untitled design (64).png]
[quyettranlux.com/images/Untitled design (65).png]
[quyettranlux.com/news.html]
[quyettranlux.com/images/quyet-tran-lux-bat-dong-san-hang-hieu-banner (3).jpg]
[quyettranlux.com/images/quyet-tran-lux-bat-dong-san-hang-hieu-banner-mobile-2.jpg]
[quyettranlux.com/recruitment.html]
[quyettranlux.com/images/photo_2021-09-20_09-53-38_1.jpg]
[quyettranlux.com/images/z4304262402692_437bec90ebc75fdaae9e9fc6e98a604e.jpg]
[truststone.blob.core.windows.net/images/df6b02cb-c69c-4808-b071-64078607d758/Quyet-tran-lux-bat-dong-san-hang-hieu_2.jpg]
[quyettranlux.com/images/z5098280065370_9ed4b4e7e6aedc30424192a3ff5ec3ee.jpg]
[quyettranlux.com/images/quyet-tran-1.jpg]
[quyettranlux.com/images/quyet-tran-2.jpg]
[quyettranlux.com/images/quyet-tran-3.jpg]
[quyettranlux.com/images/quyet-tran-4.jpg]
[quyettranlux.com/images/quyet-tran-5.jpg]
[quyettranlux.com/about.html]
[truststone.blob.core.windows.net/images/e43e98bb-1882-45bb-9197-6626e7e73f49/Grand-Marina-Saigon-3.jpg]
[truststone.blob.core.windows.net/images/e43e98bb-1882-45bb-9197-6626e7e73f49/Grand-Marina-Saigon-4.jpg]
[truststone.blob.core.windows.net/images/e43e98bb-1882-45bb-9197-6626e7e73f49/Grand-Marina-Saigon-6.jpg]
[truststone.blob.core.windows.net/images/e43e98bb-1882-45bb-9197-6626e7e73f49/Grand-Marina-Saigon-7.jpg]
[truststone.blob.core.windows.net/images/e43e98bb-1882-45bb-9197-6626e7e73f49/Grand-Marina-Saigon-8.jpg]
[truststone.blob.core.windows.net/images/e43e98bb-1882-45bb-9197-6626e7e73f49/Grand-Marina-Saigon-9.jpg]
[truststone.blob.core.windows.net/images/e43e98bb-1882-45bb-9197-6626e7e73f49/Grand-Marina-Saigon-10.jpg]
[truststone.blob.core.windows.net/images/e43e98bb-1882-45bb-9197-6626e7e73f49/Grand-Marina-Saigon-11.jpg]
[truststone.blob.core.windows.net/images/e43e98bb-1882-45bb-9197-6626e7e73f49/Grand-Marina-Saigon-12.jpg]
[truststone.blob.core.windows.net/images/e43e98bb-1882-45bb-9197-6626e7e73f49/Grand-Marina-Saigon-13.jpg]
[truststone.blob.core.windows.net/images/e43e98bb-1882-45bb-9197-6626e7e73f49/Grand-Marina-Saigon-14.jpg]
[truststone.blob.core.windows.net/images/e43e98bb-1882-45bb-9197-6626e7e73f49/Grand-Marina-Saigon-17.jpg]
[truststone.blob.core.windows.net/images/e43e98bb-1882-45bb-9197-6626e7e73f49/GMS - Masterplan-02_1.jpg]
[truststone.blob.core.windows.net/images/e43e98bb-1882-45bb-9197-6626e7e73f49/1637057225520200814_Legacy Sea_Kitchen-Logo- Photo.jpg]
[truststone.blob.core.windows.net/images/e43e98bb-1882-45bb-9197-6626e7e73f49/GMS - Masterplan-10.jpg]
[truststone.blob.core.windows.net/images/e43e98bb-1882-45bb-9197-6626e7e73f49/GMS - Masterplan-11.jpg]
[truststone.blob.core.windows.net/images/e43e98bb-1882-45bb-9197-6626e7e73f49/GMS - Masterplan-12.jpg]
[truststone.blob.core.windows.net/images/e43e98bb-1882-45bb-9197-6626e7e73f49/GMS - Masterplan-20.jpg]
[truststone.blob.core.windows.net/images/e43e98bb-1882-45bb-9197-6626e7e73f49/GMS - Masterplan-19.jpg]
[truststone.blob.core.windows.net/images/e43e98bb-1882-45bb-9197-6626e7e73f49/GMS - Masterplan-21.jpg]
[truststone.blob.core.windows.net/images/e43e98bb-1882-45bb-9197-6626e7e73f49/branded-residences-1706779423.jpg]
[truststone.blob.core.windows.net/images/e43e98bb-1882-45bb-9197-6626e7e73f49/16370574322Prime Lake_Living Room_Logo.jpg]
[truststone.blob.core.windows.net/images/e43e98bb-1882-45bb-9197-6626e7e73f49/1637057225120200814_Legacy Lagoon_Kitchen-Logo- Photo (1).jpg]
[truststone.blob.core.windows.net/images/e43e98bb-1882-45bb-9197-6626e7e73f49/163671074116184867851vifeature_masterplan_2.jpg]
[truststone.blob.core.windows.net/images/e43e98bb-1882-45bb-9197-6626e7e73f49/1636711386media_atkins_2_full-1618631510.jpg]
[truststone.blob.core.windows.net/images/e43e98bb-1882-45bb-9197-6626e7e73f49/1637057225420200814_Legacy Sea_bedroom- Logo- Photo.jpg]
[truststone.blob.core.windows.net/images/e43e98bb-1882-45bb-9197-6626e7e73f49/1637057225720201008_Legacy Lagoon_Bathroom_Logo- Photo.jpg]
[truststone.blob.core.windows.net/images/e43e98bb-1882-45bb-9197-6626e7e73f49/16370574321Prime Lake_Study Room_Logo- Photo.jpg]
[truststone.blob.core.windows.net/images/e43e98bb-1882-45bb-9197-6626e7e73f49/1637057225320200814_Legacy Lagoon_Masterbedroom-Logo- Photo.jpg]
[truststone.blob.core.windows.net/images/e43e98bb-1882-45bb-9197-6626e7e73f49/vi-tri-grand-marina-saigon-jpg-20210620220305hcaswFKC3q.jpg]
[truststone.blob.core.windows.net/images/e43e98bb-1882-45bb-9197-6626e7e73f49/GMS - Masterplan-01_1.jpg]
[truststone.blob.core.windows.net/images/e43e98bb-1882-45bb-9197-6626e7e73f49/GMS - Masterplan-13.jpg]
[truststone.blob.core.windows.net/images/e43e98bb-1882-45bb-9197-6626e7e73f49/GMS - Masterplan-14.jpg]
[truststone.blob.core.windows.net/images/e43e98bb-1882-45bb-9197-6626e7e73f49/GMS - Masterplan-15.jpg]
[truststone.blob.core.windows.net/images/e43e98bb-1882-45bb-9197-6626e7e73f49/GMS - Masterplan-06.jpg]
[truststone.blob.core.windows.net/images/e43e98bb-1882-45bb-9197-6626e7e73f49/GMS - Masterplan-07.jpg]
[truststone.blob.core.windows.net/images/e43e98bb-1882-45bb-9197-6626e7e73f49/GMS - Masterplan-08.jpg]
[quyettranlux.com/images/z5098022640783_05e0fb8e734319059c938591e030589c.jpg]
[quyettranlux.com/projects/grand-marina-saigon-thanh-pho-ho-chi-minh.html]
[truststone.blob.core.windows.net/images/e43e98bb-1882-45bb-9197-6626e7e73f49/4ee29357-bce7-4e8c-99cb-1986d6bf255c.jpg]
[truststone.blob.core.windows.net/images/e43e98bb-1882-45bb-9197-6626e7e73f49/9b53a133-069b-4205-93c9-9e7aca6cbdb2.jpg]
[truststone.blob.core.windows.net/images/e43e98bb-1882-45bb-9197-6626e7e73f49/8e608300-f1f7-4de5-981a-e75ba359f4dc.jpg]
[truststone.blob.core.windows.net/images/e43e98bb-1882-45bb-9197-6626e7e73f49/d6502571-0675-4d43-a016-82659afe88e1.jpg]
[truststone.blob.core.windows.net/images/e43e98bb-1882-45bb-9197-6626e7e73f49/ea46751d-f1f6-43ba-be70-100beb8a1083.jpg]
[truststone.blob.core.windows.net/images/e43e98bb-1882-45bb-9197-6626e7e73f49/d868b439-4bdd-4743-a6c0-d9ec06887ff5.jpg]
[truststone.blob.core.windows.net/images/e43e98bb-1882-45bb-9197-6626e7e73f49/6f17a246-b3f5-4645-a8a6-3331b6ceb0c9.jpg]
[truststone.blob.core.windows.net/images/e43e98bb-1882-45bb-9197-6626e7e73f49/20b3db1e-7ed6-40f0-990b-f6c2cb576728.jpg]
[truststone.blob.core.windows.net/images/e43e98bb-1882-45bb-9197-6626e7e73f49/cc436224-6cbf-48c3-807f-a513e4f63c0a.jpg]
[truststone.blob.core.windows.net/images/e43e98bb-1882-45bb-9197-6626e7e73f49/7a727b97-329d-4d90-bb32-e8436f77771a.jpg]
[truststone.blob.core.windows.net/images/e43e98bb-1882-45bb-9197-6626e7e73f49/4439dfc6-bdf9-41d4-8ffc-10262dd2e4c0.jpg]
[truststone.blob.core.windows.net/images/e43e98bb-1882-45bb-9197-6626e7e73f49/0d30d718-1d8d-4f89-afb5-6a6005999944.jpg]
[truststone.blob.core.windows.net/images/e43e98bb-1882-45bb-9197-6626e7e73f49/Zenity - Overall Facade (night time).jpg]
[truststone.blob.core.windows.net/images/e43e98bb-1882-45bb-9197-6626e7e73f49/Party-House-Actual-Photo-1536x864.jpg]
[truststone.blob.core.windows.net/images/e43e98bb-1882-45bb-9197-6626e7e73f49/Fitness-Center-Actual-Photo-1536x864.jpg]
[truststone.blob.core.windows.net/images/e43e98bb-1882-45bb-9197-6626e7e73f49/can-ho-chung-cu-zenity-8.jpg]
[truststone.blob.core.windows.net/images/e43e98bb-1882-45bb-9197-6626e7e73f49/Zenity-Facilities-5-1536x864.jpg]
[truststone.blob.core.windows.net/images/e43e98bb-1882-45bb-9197-6626e7e73f49/can-ho-chung-cu-zenity-7.jpg]
[truststone.blob.core.windows.net/images/e43e98bb-1882-45bb-9197-6626e7e73f49/can-ho-chung-cu-zenity-6.jpg]
[truststone.blob.core.windows.net/images/e43e98bb-1882-45bb-9197-6626e7e73f49/can-ho-chung-cu-zenity-5.jpg]
[truststone.blob.core.windows.net/images/e43e98bb-1882-45bb-9197-6626e7e73f49/can-ho-chung-cu-zenity-4.jpg]
[truststone.blob.core.windows.net/images/e43e98bb-1882-45bb-9197-6626e7e73f49/can-ho-chung-cu-zenity-3.jpg]
[truststone.blob.core.windows.net/images/e43e98bb-1882-45bb-9197-6626e7e73f49/can-ho-chung-cu-zenity-2.jpg]
[truststone.blob.core.windows.net/images/e43e98bb-1882-45bb-9197-6626e7e73f49/can-ho-chung-cu-zenity-1.jpg]
[truststone.blob.core.windows.net/images/e43e98bb-1882-45bb-9197-6626e7e73f49/can-ho-chung-cu-zenity-10.jpg]
[truststone.blob.core.windows.net/images/e43e98bb-1882-45bb-9197-6626e7e73f49/noi-that-can-ho-zenity-capitaland-quan-1-3.jpg]
[truststone.blob.core.windows.net/images/e43e98bb-1882-45bb-9197-6626e7e73f49/noi-that-can-ho-zenity-capitaland-quan-1-2.jpg]
[truststone.blob.core.windows.net/images/e43e98bb-1882-45bb-9197-6626e7e73f49/noi-that-can-ho-zenity-capitaland-quan-1-1.jpg]
[truststone.blob.core.windows.net/images/e43e98bb-1882-45bb-9197-6626e7e73f49/noi-that-can-ho-zenity-capitaland-quan-1-4.jpg]
[truststone.blob.core.windows.net/images/e43e98bb-1882-45bb-9197-6626e7e73f49/san-pham-zenity-capitaland-quan-1.jpg]
[truststone.blob.core.windows.net/images/e43e98bb-1882-45bb-9197-6626e7e73f49/san-pham-can-ho-zenity-capitaland-quan-1.jpg]
[truststone.blob.core.windows.net/images/e43e98bb-1882-45bb-9197-6626e7e73f49/vi-tri-zenity-capitaland.jpg]
[truststone.blob.core.windows.net/images/e43e98bb-1882-45bb-9197-6626e7e73f49/can-ho-chung-cu-Zenity-mat-bang-tienich.jpg]
[truststone.blob.core.windows.net/images/e43e98bb-1882-45bb-9197-6626e7e73f49/can-ho-chung-cu-Zenity-mat-bang-3 (1).jpg]
[truststone.blob.core.windows.net/images/e43e98bb-1882-45bb-9197-6626e7e73f49/can-ho-chung-cu-Zenity-mat-bang-2pn_1.jpg]
[truststone.blob.core.windows.net/images/e43e98bb-1882-45bb-9197-6626e7e73f49/can-ho-chung-cu-Zenity-mat-bang-3pn.jpg]
[truststone.blob.core.windows.net/images/e43e98bb-1882-45bb-9197-6626e7e73f49/mat-bang-duplex-zenity-5.jpg]
[truststone.blob.core.windows.net/images/e43e98bb-1882-45bb-9197-6626e7e73f49/mat-bang-duplex-zenity-6.jpg]
[truststone.blob.core.windows.net/images/e43e98bb-1882-45bb-9197-6626e7e73f49/mat-bang-duplex-zenity-3.jpg]
[truststone.blob.core.windows.net/images/e43e98bb-1882-45bb-9197-6626e7e73f49/mat-bang-duplex-zenity-4.jpg]
[quyettranlux.com/projects/zenity-thanh-pho-ho-chi-minh.html]
[truststone.blob.core.windows.net/images/e43e98bb-1882-45bb-9197-6626e7e73f49/The-MarQ-4_2.jpg]
[truststone.blob.core.windows.net/images/e43e98bb-1882-45bb-9197-6626e7e73f49/The-MarQ-2.jpg]
[truststone.blob.core.windows.net/images/e43e98bb-1882-45bb-9197-6626e7e73f49/The-MarQ-1.jpg]
[truststone.blob.core.windows.net/images/e43e98bb-1882-45bb-9197-6626e7e73f49/The-MarQ-6.jpg]
[truststone.blob.core.windows.net/images/e43e98bb-1882-45bb-9197-6626e7e73f49/The-MarQ-5.jpg]
[truststone.blob.core.windows.net/images/e43e98bb-1882-45bb-9197-6626e7e73f49/The-MarQ-7.jpg]
[truststone.blob.core.windows.net/images/e43e98bb-1882-45bb-9197-6626e7e73f49/The-MarQ-8.jpg]
[truststone.blob.core.windows.net/images/e43e98bb-1882-45bb-9197-6626e7e73f49/The-MarQ-9.jpg]
[truststone.blob.core.windows.net/images/e43e98bb-1882-45bb-9197-6626e7e73f49/The-MarQ-10.jpg]
[truststone.blob.core.windows.net/images/e43e98bb-1882-45bb-9197-6626e7e73f49/The-MarQ-11.jpg]
[truststone.blob.core.windows.net/images/e43e98bb-1882-45bb-9197-6626e7e73f49/The-MarQ-12.jpg]
[truststone.blob.core.windows.net/images/e43e98bb-1882-45bb-9197-6626e7e73f49/can-ho-the-marQ-1.jpg]
[truststone.blob.core.windows.net/images/e43e98bb-1882-45bb-9197-6626e7e73f49/vi-tri-du-an-the-marq.jpg]
[truststone.blob.core.windows.net/images/e43e98bb-1882-45bb-9197-6626e7e73f49/mat-bang-dien-hinh-the-marQ-1.jpg]
[truststone.blob.core.windows.net/images/e43e98bb-1882-45bb-9197-6626e7e73f49/mat-bang-dien-hinh-the-marQ-2.jpg]
[truststone.blob.core.windows.net/images/e43e98bb-1882-45bb-9197-6626e7e73f49/mat-bang-dien-hinh-the-marQ-3.jpg]
[truststone.blob.core.windows.net/images/e43e98bb-1882-45bb-9197-6626e7e73f49/mat-bang-dien-hinh-the-marQ-8.jpg]
[truststone.blob.core.windows.net/images/e43e98bb-1882-45bb-9197-6626e7e73f49/mat-bang-dien-hinh-the-marQ-7.jpg]
[truststone.blob.core.windows.net/images/e43e98bb-1882-45bb-9197-6626e7e73f49/mat-bang-dien-hinh-the-marQ-6.jpg]
[truststone.blob.core.windows.net/images/e43e98bb-1882-45bb-9197-6626e7e73f49/mat-bang-dien-hinh-the-marQ-5.jpg]
[truststone.blob.core.windows.net/images/e43e98bb-1882-45bb-9197-6626e7e73f49/mat-bang-dien-hinh-the-marQ-4.jpg]
[quyettranlux.com/projects/the-marq-thanh-pho-ho-chi-minh.html]
[truststone.blob.core.windows.net/images/e43e98bb-1882-45bb-9197-6626e7e73f49/can-ho-chung-cu-lancaster-legacy-nguyen-trai-16_1_2.jpg]
[truststone.blob.core.windows.net/images/e43e98bb-1882-45bb-9197-6626e7e73f49/can-ho-chung-cu-lancaster-legacy-nguyen-trai_1.jpg]
[truststone.blob.core.windows.net/images/e43e98bb-1882-45bb-9197-6626e7e73f49/can-ho-chung-cu-lancaster-legacy-nguyen-trai-2.jpg]
[truststone.blob.core.windows.net/images/e43e98bb-1882-45bb-9197-6626e7e73f49/can-ho-chung-cu-lancaster-legacy-nguyen-trai-3.jpg]
[truststone.blob.core.windows.net/images/e43e98bb-1882-45bb-9197-6626e7e73f49/can-ho-chung-cu-lancaster-legacy-nguyen-trai-4.jpg]
[truststone.blob.core.windows.net/images/e43e98bb-1882-45bb-9197-6626e7e73f49/can-ho-chung-cu-lancaster-legacy-nguyen-trai-5.jpg]
[truststone.blob.core.windows.net/images/e43e98bb-1882-45bb-9197-6626e7e73f49/can-ho-chung-cu-lancaster-legacy-nguyen-trai-6.jpg]
[truststone.blob.core.windows.net/images/e43e98bb-1882-45bb-9197-6626e7e73f49/can-ho-chung-cu-lancaster-legacy-nguyen-trai-8.jpg]
[truststone.blob.core.windows.net/images/e43e98bb-1882-45bb-9197-6626e7e73f49/can-ho-chung-cu-lancaster-legacy-nguyen-trai-10.jpg]
[truststone.blob.core.windows.net/images/e43e98bb-1882-45bb-9197-6626e7e73f49/can-ho-chung-cu-lancaster-legacy-nguyen-trai-11.jpg]
[truststone.blob.core.windows.net/images/e43e98bb-1882-45bb-9197-6626e7e73f49/can-ho-chung-cu-lancaster-legacy-nguyen-trai-12_1.jpg]
[truststone.blob.core.windows.net/images/e43e98bb-1882-45bb-9197-6626e7e73f49/can-ho-chung-cu-lancaster-legacy-nguyen-trai-13.jpg]
[truststone.blob.core.windows.net/images/e43e98bb-1882-45bb-9197-6626e7e73f49/can-ho-chung-cu-lancaster-legacy-nguyen-trai-14_1.jpg]
[truststone.blob.core.windows.net/images/e43e98bb-1882-45bb-9197-6626e7e73f49/can-ho-chung-cu-lancaster-legacy-nguyen-trai-15_1.jpg]
[truststone.blob.core.windows.net/images/e43e98bb-1882-45bb-9197-6626e7e73f49/can-ho-chung-cu-lancaster-legacy-nguyen-trai-21.jpg]
[truststone.blob.core.windows.net/images/e43e98bb-1882-45bb-9197-6626e7e73f49/can-ho-chung-cu-lancaster-legacy-nguyen-trai-20.jpg]
[truststone.blob.core.windows.net/images/e43e98bb-1882-45bb-9197-6626e7e73f49/can-ho-chung-cu-lancaster-legacy-nguyen-trai-19.jpg]
[truststone.blob.core.windows.net/images/e43e98bb-1882-45bb-9197-6626e7e73f49/can-ho-chung-cu-lancaster-legacy-nguyen-trai-18.jpg]
[truststone.blob.core.windows.net/images/e43e98bb-1882-45bb-9197-6626e7e73f49/can-ho-chung-cu-lancaster-legacy-nguyen-trai-17_1.jpg]
[truststone.blob.core.windows.net/images/e43e98bb-1882-45bb-9197-6626e7e73f49/can-ho-chung-cu-lancaster-legacy-nguyen-trai-21_1.jpg]
[truststone.blob.core.windows.net/images/e43e98bb-1882-45bb-9197-6626e7e73f49/can-ho-chung-cu-lancaster-legacy-nguyen-trai-22.jpg]
[truststone.blob.core.windows.net/images/e43e98bb-1882-45bb-9197-6626e7e73f49/can-ho-chung-cu-lancaster-legacy-nguyen-trai-23.jpg]
[truststone.blob.core.windows.net/images/e43e98bb-1882-45bb-9197-6626e7e73f49/can-ho-chung-cu-lancaster-legacy-nguyen-trai-24.jpg]
[truststone.blob.core.windows.net/images/e43e98bb-1882-45bb-9197-6626e7e73f49/can-ho-chung-cu-lancaster-legacy-nguyen-trai-25.jpg]
[truststone.blob.core.windows.net/images/e43e98bb-1882-45bb-9197-6626e7e73f49/can-ho-chung-cu-lancaster-legacy-nguyen-trai-26.jpg]
[truststone.blob.core.windows.net/images/e43e98bb-1882-45bb-9197-6626e7e73f49/can-ho-chung-cu-lancaster-legacy-nguyen-trai-27.jpg]
[truststone.blob.core.windows.net/images/e43e98bb-1882-45bb-9197-6626e7e73f49/can-ho-chung-cu-lancaster-legacy-nguyen-trai-28.jpg]
[truststone.blob.core.windows.net/images/e43e98bb-1882-45bb-9197-6626e7e73f49/can-ho-chung-cu-lancaster-legacy-nguyen-trai-29.jpg]
[truststone.blob.core.windows.net/images/e43e98bb-1882-45bb-9197-6626e7e73f49/can-ho-chung-cu-lancaster-legacy-nguyen-trai-30.jpg]
[truststone.blob.core.windows.net/images/e43e98bb-1882-45bb-9197-6626e7e73f49/can-ho-chung-cu-lancaster-legacy-nguyen-trai-1_1.jpg]
[truststone.blob.core.windows.net/images/e43e98bb-1882-45bb-9197-6626e7e73f49/Can-ho-chung-cu-lancaster-legacy-nguyen-trai-trung-thuy-highlights (13)_1.png]
[truststone.blob.core.windows.net/images/e43e98bb-1882-45bb-9197-6626e7e73f49/Lancaster Legacy_MB Can_1PN+1_BXX.03_Thap B_07Dec2022.jpg]
[truststone.blob.core.windows.net/images/e43e98bb-1882-45bb-9197-6626e7e73f49/Lancaster Legacy_MB Can_1PN+1_BXX.3A_Thap B_07Dec2022.jpg]
[truststone.blob.core.windows.net/images/e43e98bb-1882-45bb-9197-6626e7e73f49/Lancaster Legacy_MB Can_2PN_BXX.05_Thap B_07Dec2022.jpg]
[truststone.blob.core.windows.net/images/e43e98bb-1882-45bb-9197-6626e7e73f49/Lancaster Legacy_MB Can_3PN_BXX.06_Thap B_07Dec2022_1.jpg]
[truststone.blob.core.windows.net/images/e43e98bb-1882-45bb-9197-6626e7e73f49/Lancaster Legacy_MB Can_3PN_BXX.08_Thap B_07Dec2022_1.jpg]
[truststone.blob.core.windows.net/images/e43e98bb-1882-45bb-9197-6626e7e73f49/Lancaster Legacy_MB tang.jpg]
[truststone.blob.core.windows.net/images/e43e98bb-1882-45bb-9197-6626e7e73f49/Lancaster Legacy_MB-tien-ich.jpg]
[quyettranlux.com/projects/lancaster-legacy-thanh-pho-ho-chi-minh.html]
[truststone.blob.core.windows.net/images/e43e98bb-1882-45bb-9197-6626e7e73f49/can-ho-chung-cu-Thu-Thiem-Zeit-River-3.jpg]
[truststone.blob.core.windows.net/images/e43e98bb-1882-45bb-9197-6626e7e73f49/can-ho-chung-cu-Thu-Thiem-Zeit-River-2.png]
[truststone.blob.core.windows.net/images/e43e98bb-1882-45bb-9197-6626e7e73f49/can-ho-chung-cu-Thu-Thiem-Zeit-River-1.png]
[truststone.blob.core.windows.net/images/e43e98bb-1882-45bb-9197-6626e7e73f49/can-ho-chung-cu-Thu-Thiem-Zeit-River-4.png]
[truststone.blob.core.windows.net/images/e43e98bb-1882-45bb-9197-6626e7e73f49/can-ho-chung-cu-Thu-Thiem-Zeit-River-5.png]
[truststone.blob.core.windows.net/images/e43e98bb-1882-45bb-9197-6626e7e73f49/can-ho-chung-cu-Thu-Thiem-Zeit-River-6.png]
[truststone.blob.core.windows.net/images/e43e98bb-1882-45bb-9197-6626e7e73f49/can-ho-chung-cu-Thu-Thiem-Zeit-River-7.png]
[truststone.blob.core.windows.net/images/e43e98bb-1882-45bb-9197-6626e7e73f49/can-ho-chung-cu-Thu-Thiem-Zeit-River-8.png]
[truststone.blob.core.windows.net/images/e43e98bb-1882-45bb-9197-6626e7e73f49/can-ho-chung-cu-Thu-Thiem-Zeit-River-9.png]
[truststone.blob.core.windows.net/images/e43e98bb-1882-45bb-9197-6626e7e73f49/can-ho-chung-cu-Thu-Thiem-Zeit-River-10.png]
[truststone.blob.core.windows.net/images/e43e98bb-1882-45bb-9197-6626e7e73f49/can-ho-chung-cu-Thu-Thiem-Zeit-River-11.png]
[truststone.blob.core.windows.net/images/e43e98bb-1882-45bb-9197-6626e7e73f49/can-ho-chung-cu-Thu-Thiem-Zeit-River-12.jpg]
[truststone.blob.core.windows.net/images/e43e98bb-1882-45bb-9197-6626e7e73f49/Thu-Thiem-Zeit-River-duoc-phat-trien-boi-chu-dau-tu-Viet-Nam-Gs-Enterprise-tai-Thu-Thiem-Quan-2. (1).jpg]
[truststone.blob.core.windows.net/images/e43e98bb-1882-45bb-9197-6626e7e73f49/vi-tri-Thu-Thiem-Zeit-River.jpg]
[truststone.blob.core.windows.net/images/e43e98bb-1882-45bb-9197-6626e7e73f49/can-ho-chung-cu-Thu-Thiem-Zeit-River-mat-bang-tien-ich.jpg]
[truststone.blob.core.windows.net/images/e43e98bb-1882-45bb-9197-6626e7e73f49/can-ho-chung-cu-Thu-Thiem-Zeit-River-mat-bang-7 (1).jpg]
[truststone.blob.core.windows.net/images/e43e98bb-1882-45bb-9197-6626e7e73f49/can-ho-chung-cu-Thu-Thiem-Zeit-River-mat-bang-TOA-T1.jpg]
[truststone.blob.core.windows.net/images/e43e98bb-1882-45bb-9197-6626e7e73f49/can-ho-chung-cu-Thu-Thiem-Zeit-River-mat-bang-toa-T2.jpg]
[truststone.blob.core.windows.net/images/e43e98bb-1882-45bb-9197-6626e7e73f49/can-ho-chung-cu-Thu-Thiem-Zeit-River-mat-bang-1pn.jpg]
[truststone.blob.core.windows.net/images/e43e98bb-1882-45bb-9197-6626e7e73f49/can-ho-chung-cu-Thu-Thiem-Zeit-River-mat-bang-2pn.jpg]
[truststone.blob.core.windows.net/images/e43e98bb-1882-45bb-9197-6626e7e73f49/can-ho-chung-cu-Thu-Thiem-Zeit-River-mat-bang-2PN-1.jpg]
[truststone.blob.core.windows.net/images/e43e98bb-1882-45bb-9197-6626e7e73f49/can-ho-chung-cu-Thu-Thiem-Zeit-River-mat-bang-3PN.jpg]
[quyettranlux.com/projects/thu-thiem-zeit-river-thanh-pho-ho-chi-minh.html]
[truststone.blob.core.windows.net/images/e43e98bb-1882-45bb-9197-6626e7e73f49/de-la-sol-1_1.jpg]
[truststone.blob.core.windows.net/images/e43e98bb-1882-45bb-9197-6626e7e73f49/can-ho-chung-cu-delasol-2(3).png]
[truststone.blob.core.windows.net/images/e43e98bb-1882-45bb-9197-6626e7e73f49/can-ho-chung-cu-delasol-3(3).png]
[truststone.blob.core.windows.net/images/e43e98bb-1882-45bb-9197-6626e7e73f49/can-ho-chung-cu-delasol-4(3).png]
[truststone.blob.core.windows.net/images/e43e98bb-1882-45bb-9197-6626e7e73f49/can-ho-chung-cu-delasol-5(3).png]
[truststone.blob.core.windows.net/images/e43e98bb-1882-45bb-9197-6626e7e73f49/can-ho-chung-cu-delasol-6(3).png]
[truststone.blob.core.windows.net/images/e43e98bb-1882-45bb-9197-6626e7e73f49/can-ho-chung-cu-delasol-7(3).jpg]
[truststone.blob.core.windows.net/images/e43e98bb-1882-45bb-9197-6626e7e73f49/2BR-Common-Bedroom-De-La-Sol-1.jpg]
[truststone.blob.core.windows.net/images/e43e98bb-1882-45bb-9197-6626e7e73f49/can-ho-chung-cu-delasol-9(3).jpg]
[truststone.blob.core.windows.net/images/e43e98bb-1882-45bb-9197-6626e7e73f49/can-ho-chung-cu-delasol-10(3).jpg]
[truststone.blob.core.windows.net/images/e43e98bb-1882-45bb-9197-6626e7e73f49/can-ho-chung-cu-delasol-11(4).png]
[truststone.blob.core.windows.net/images/e43e98bb-1882-45bb-9197-6626e7e73f49/can-ho-chung-cu-delasol-12(1).png]
[truststone.blob.core.windows.net/images/e43e98bb-1882-45bb-9197-6626e7e73f49/de-la-sol-quan-4-4.jpg]
[truststone.blob.core.windows.net/images/e43e98bb-1882-45bb-9197-6626e7e73f49/de-la-sol-rap-chieu-phim-tren-khong-1.jpg]
[truststone.blob.core.windows.net/images/e43e98bb-1882-45bb-9197-6626e7e73f49/de-la-solvuon-thuong-tra-2_1.jpg]
[truststone.blob.core.windows.net/images/e43e98bb-1882-45bb-9197-6626e7e73f49/2BR-Kitchen-De-La-Sol.jpg]
[truststone.blob.core.windows.net/images/e43e98bb-1882-45bb-9197-6626e7e73f49/2BR-Living-_-Dining-De-La-Sol.jpg]
[truststone.blob.core.windows.net/images/e43e98bb-1882-45bb-9197-6626e7e73f49/2BR-Living-Room-De-La-Sol.jpg]
[truststone.blob.core.windows.net/images/e43e98bb-1882-45bb-9197-6626e7e73f49/3BR-Duo-Common-Bedroom-De-La-Sol.jpg]
[truststone.blob.core.windows.net/images/e43e98bb-1882-45bb-9197-6626e7e73f49/3BR-Duo-Living-_-dining-De-La-Sol.jpg]
[truststone.blob.core.windows.net/images/e43e98bb-1882-45bb-9197-6626e7e73f49/3BR-Duo-Master-Bedroom-De-La-Sol-2.jpg]
[truststone.blob.core.windows.net/images/e43e98bb-1882-45bb-9197-6626e7e73f49/3BR-Duo-Studio-De-La-Sol1.jpg]
[truststone.blob.core.windows.net/images/e43e98bb-1882-45bb-9197-6626e7e73f49/location-map-v2.png]
[truststone.blob.core.windows.net/images/e43e98bb-1882-45bb-9197-6626e7e73f49/can-ho-chung-cu-Delasol-mat-bang-tien-ich.jpg]
[truststone.blob.core.windows.net/images/e43e98bb-1882-45bb-9197-6626e7e73f49/can-ho-chung-cu-Delasol-mat-bang-2.jpg]
[truststone.blob.core.windows.net/images/e43e98bb-1882-45bb-9197-6626e7e73f49/can-ho-chung-cu-Delasol-mat-bang-4 (1).jpg]
[truststone.blob.core.windows.net/images/e43e98bb-1882-45bb-9197-6626e7e73f49/can-ho-chung-cu-Delasol-mat-bang-1pn.jpg]
[truststone.blob.core.windows.net/images/e43e98bb-1882-45bb-9197-6626e7e73f49/can-ho-chung-cu-Delasol-mat-bang-2pn_1.jpg]
[truststone.blob.core.windows.net/images/e43e98bb-1882-45bb-9197-6626e7e73f49/can-ho-chung-cu-Delasol-mat-bang-3pn_1.jpg]
[truststone.blob.core.windows.net/images/e43e98bb-1882-45bb-9197-6626e7e73f49/06fbb1a0eb42bc6332c9ae0c3995e3ce.jpg]
[quyettranlux.com/projects/delasol-thanh-pho-ho-chi-minh.html]
[truststone.blob.core.windows.net/images/e43e98bb-1882-45bb-9197-6626e7e73f49/the-kdt-global-city-2.jpg]
[truststone.blob.core.windows.net/images/e43e98bb-1882-45bb-9197-6626e7e73f49/the-kdt-global-city-1.jpg]
[truststone.blob.core.windows.net/images/e43e98bb-1882-45bb-9197-6626e7e73f49/the-kdt-global-city-4.jpg]
[truststone.blob.core.windows.net/images/e43e98bb-1882-45bb-9197-6626e7e73f49/the-kdt-global-city-5.jpg]
[truststone.blob.core.windows.net/images/e43e98bb-1882-45bb-9197-6626e7e73f49/the-kdt-global-city-6.jpg]
[truststone.blob.core.windows.net/images/e43e98bb-1882-45bb-9197-6626e7e73f49/the-kdt-global-city-7.jpg]
[truststone.blob.core.windows.net/images/e43e98bb-1882-45bb-9197-6626e7e73f49/the-kdt-global-city-8.jpg]
[truststone.blob.core.windows.net/images/e43e98bb-1882-45bb-9197-6626e7e73f49/the-kdt-global-city-9.jpg]
[truststone.blob.core.windows.net/images/e43e98bb-1882-45bb-9197-6626e7e73f49/the-kdt-global-city-10.jpg]
[truststone.blob.core.windows.net/images/e43e98bb-1882-45bb-9197-6626e7e73f49/the-kdt-global-city-11.jpg]
[truststone.blob.core.windows.net/images/e43e98bb-1882-45bb-9197-6626e7e73f49/the-global-city-soho-3.jpg]
[truststone.blob.core.windows.net/images/e43e98bb-1882-45bb-9197-6626e7e73f49/the-global-city-soho-2.jpg]
[truststone.blob.core.windows.net/images/e43e98bb-1882-45bb-9197-6626e7e73f49/the-global-city-phoi-canh-1.jpg]
[truststone.blob.core.windows.net/images/e43e98bb-1882-45bb-9197-6626e7e73f49/the-global-city-nha-mau.jpg]
[truststone.blob.core.windows.net/images/e43e98bb-1882-45bb-9197-6626e7e73f49/The-Global-City-1.jpg]
[truststone.blob.core.windows.net/images/e43e98bb-1882-45bb-9197-6626e7e73f49/The-Global-City-2.jpg]
[truststone.blob.core.windows.net/images/e43e98bb-1882-45bb-9197-6626e7e73f49/nha-mau-can-ho-the-global-city-1-1024x554.jpg]
[truststone.blob.core.windows.net/images/e43e98bb-1882-45bb-9197-6626e7e73f49/nha-mau-can-ho-the-global-city-3-1024x554.jpg]
[truststone.blob.core.windows.net/images/e43e98bb-1882-45bb-9197-6626e7e73f49/nha-mau-can-ho-the-global-city-4-1024x554.jpg]
[truststone.blob.core.windows.net/images/e43e98bb-1882-45bb-9197-6626e7e73f49/nha-mau-can-ho-the-global-city-5-1024x554.jpg]
[truststone.blob.core.windows.net/images/e43e98bb-1882-45bb-9197-6626e7e73f49/nha-mau-can-ho-the-global-city-6-1024x554.jpg]
[truststone.blob.core.windows.net/images/e43e98bb-1882-45bb-9197-6626e7e73f49/nha-mau-can-ho-the-global-city-2-1024x526.jpg]
[truststone.blob.core.windows.net/images/e43e98bb-1882-45bb-9197-6626e7e73f49/nha-mau-shophouse-soho-the-global-city-9-1024x640.jpg]
[truststone.blob.core.windows.net/images/e43e98bb-1882-45bb-9197-6626e7e73f49/Du-an-The-Global-City.jpg]
[truststone.blob.core.windows.net/images/e43e98bb-1882-45bb-9197-6626e7e73f49/Kenh-dao-The-Global-City.jpg]
[truststone.blob.core.windows.net/images/e43e98bb-1882-45bb-9197-6626e7e73f49/Tien-ich-The-Global-City.jpg]
[truststone.blob.core.windows.net/images/e43e98bb-1882-45bb-9197-6626e7e73f49/Tien-ich-du-an-The-Global-City.jpg]
[truststone.blob.core.windows.net/images/e43e98bb-1882-45bb-9197-6626e7e73f49/Nhac-nuoc-The-Global-City.jpg]
[truststone.blob.core.windows.net/images/e43e98bb-1882-45bb-9197-6626e7e73f49/khu-cong-vien-tai-du-an-the-global-city-quan-2.jpg]
[truststone.blob.core.windows.net/images/e43e98bb-1882-45bb-9197-6626e7e73f49/phong-gym-dai-du-an-the-global-city-quan-2.jpg]
[truststone.blob.core.windows.net/images/e43e98bb-1882-45bb-9197-6626e7e73f49/San-Tennis-The-Global-City_1.png]
[truststone.blob.core.windows.net/images/e43e98bb-1882-45bb-9197-6626e7e73f49/Public Area Picture-The-Global-City_1.png]
[truststone.blob.core.windows.net/images/e43e98bb-1882-45bb-9197-6626e7e73f49/photoGallery-The-Global-City_1.jpg]
[truststone.blob.core.windows.net/images/e43e98bb-1882-45bb-9197-6626e7e73f49/Public Area Picture - 04 (3)_1.png]
[truststone.blob.core.windows.net/images/e43e98bb-1882-45bb-9197-6626e7e73f49/The-Global-City-1_1.png]
[truststone.blob.core.windows.net/images/e43e98bb-1882-45bb-9197-6626e7e73f49/photoGallery-img-1_1.jpg]
[truststone.blob.core.windows.net/images/e43e98bb-1882-45bb-9197-6626e7e73f49/The-Global-City-2_1.png]
[truststone.blob.core.windows.net/images/e43e98bb-1882-45bb-9197-6626e7e73f49/The-Global-City-3_1.png]
[truststone.blob.core.windows.net/images/e43e98bb-1882-45bb-9197-6626e7e73f49/The-Global-City-4_1.png]
[truststone.blob.core.windows.net/images/e43e98bb-1882-45bb-9197-6626e7e73f49/The-Global-City-5_1.png]
[truststone.blob.core.windows.net/images/e43e98bb-1882-45bb-9197-6626e7e73f49/the-global-city-11.jpg]
[truststone.blob.core.windows.net/images/e43e98bb-1882-45bb-9197-6626e7e73f49/Du-an-The-Global-City-1.jpg]
[truststone.blob.core.windows.net/images/e43e98bb-1882-45bb-9197-6626e7e73f49/the-global-city-mat-bang-tien-ich-tong-the.jpg]
[truststone.blob.core.windows.net/images/e43e98bb-1882-45bb-9197-6626e7e73f49/mat-bang-nha-pho-Khu-do-thi-The-Global-City.jpg]
[truststone.blob.core.windows.net/images/e43e98bb-1882-45bb-9197-6626e7e73f49/mat-bang-nha-pho-Khu-do-thi-The-Global-City-1.jpg]
[truststone.blob.core.windows.net/images/e43e98bb-1882-45bb-9197-6626e7e73f49/mat-bang-nha-pho-Khu-do-thi-The-Global-City-2.jpg]
[truststone.blob.core.windows.net/images/e43e98bb-1882-45bb-9197-6626e7e73f49/mat-bang-nha-pho-Khu-do-thi-The-Global-City-3.jpg]
[truststone.blob.core.windows.net/images/e43e98bb-1882-45bb-9197-6626e7e73f49/the-global-city-to-hop-truong-hoc.jpg]
[truststone.blob.core.windows.net/images/e43e98bb-1882-45bb-9197-6626e7e73f49/the-global-city-phan-khu-tien-ich.jpg]
[truststone.blob.core.windows.net/images/e43e98bb-1882-45bb-9197-6626e7e73f49/the-global-city-phan-khu-san-pham.jpg]
[quyettranlux.com/projects/khu-do-thi-the-global-city-thanh-pho-ho-chi-minh.html]
[truststone.blob.core.windows.net/images/e43e98bb-1882-45bb-9197-6626e7e73f49/Facade 1.jpg]
[truststone.blob.core.windows.net/images/e43e98bb-1882-45bb-9197-6626e7e73f49/can-ho-chung-cu-lumiere-boulevard-10.png]
[truststone.blob.core.windows.net/images/e43e98bb-1882-45bb-9197-6626e7e73f49/can-ho-chung-cu-lumiere-boulevard-9.png]
[truststone.blob.core.windows.net/images/e43e98bb-1882-45bb-9197-6626e7e73f49/can-ho-chung-cu-lumiere-boulevard-8.png]
[truststone.blob.core.windows.net/images/e43e98bb-1882-45bb-9197-6626e7e73f49/can-ho-chung-cu-lumiere-boulevard-7.png]
[truststone.blob.core.windows.net/images/e43e98bb-1882-45bb-9197-6626e7e73f49/can-ho-chung-cu-lumiere-boulevard-6.png]
[truststone.blob.core.windows.net/images/e43e98bb-1882-45bb-9197-6626e7e73f49/can-ho-chung-cu-lumiere-boulevard-5.png]
[truststone.blob.core.windows.net/images/e43e98bb-1882-45bb-9197-6626e7e73f49/can-ho-chung-cu-lumiere-boulevard-4.png]
[truststone.blob.core.windows.net/images/e43e98bb-1882-45bb-9197-6626e7e73f49/can-ho-chung-cu-lumiere-boulevard-3.png]
[truststone.blob.core.windows.net/images/e43e98bb-1882-45bb-9197-6626e7e73f49/can-ho-chung-cu-lumiere-boulevard-2.png]
[truststone.blob.core.windows.net/images/e43e98bb-1882-45bb-9197-6626e7e73f49/can-ho-chung-cu-lumiere-boulevard-1.png]
[truststone.blob.core.windows.net/images/e43e98bb-1882-45bb-9197-6626e7e73f49/Facade 3.jpg]
[truststone.blob.core.windows.net/images/e43e98bb-1882-45bb-9197-6626e7e73f49/Ho-boi-phi-thuyen.jpg]
[truststone.blob.core.windows.net/images/e43e98bb-1882-45bb-9197-6626e7e73f49/Jacuzzi.jpg]
[truststone.blob.core.windows.net/images/e43e98bb-1882-45bb-9197-6626e7e73f49/Living room.jpg]
[truststone.blob.core.windows.net/images/e43e98bb-1882-45bb-9197-6626e7e73f49/Facade 2.jpg]
[truststone.blob.core.windows.net/images/e43e98bb-1882-45bb-9197-6626e7e73f49/Swimming pool_Night time.jpg]
[truststone.blob.core.windows.net/images/e43e98bb-1882-45bb-9197-6626e7e73f49/Master plan_Night time.jpg]
[truststone.blob.core.windows.net/images/e43e98bb-1882-45bb-9197-6626e7e73f49/Kid's playground outdoor_1.jpg]
[truststone.blob.core.windows.net/images/e43e98bb-1882-45bb-9197-6626e7e73f49/Entrance tower A_1.jpg]
[truststone.blob.core.windows.net/images/e43e98bb-1882-45bb-9197-6626e7e73f49/Entrance tower D_1.jpg]
[truststone.blob.core.windows.net/images/e43e98bb-1882-45bb-9197-6626e7e73f49/View from tower D_1.jpg]
[truststone.blob.core.windows.net/images/e43e98bb-1882-45bb-9197-6626e7e73f49/lbv-project-phase2_ex3_final_2023-07-10_6K_0.jpg]
[truststone.blob.core.windows.net/images/e43e98bb-1882-45bb-9197-6626e7e73f49/lbv-project-phase2_ex1_final_2023-07-10_6K.jpg]
[truststone.blob.core.windows.net/images/e43e98bb-1882-45bb-9197-6626e7e73f49/Kitchen.jpg]
[truststone.blob.core.windows.net/images/e43e98bb-1882-45bb-9197-6626e7e73f49/lbv-project-phase2_ex5_final_2023-08-11_6K (1)_1.jpg]
[truststone.blob.core.windows.net/images/e43e98bb-1882-45bb-9197-6626e7e73f49/macro map - VN - PC.png]
[truststone.blob.core.windows.net/images/e43e98bb-1882-45bb-9197-6626e7e73f49/can-ho-chung-cu-lumiere-boulevard-mat-bang_1.jpg]
[truststone.blob.core.windows.net/images/e43e98bb-1882-45bb-9197-6626e7e73f49/can-ho-chung-cu-lumiere-boulevard-mat-bang-TA_1.jpg]
[truststone.blob.core.windows.net/images/e43e98bb-1882-45bb-9197-6626e7e73f49/can-ho-chung-cu-lumiere-boulevard-mat-bang-TB_1.jpg]
[truststone.blob.core.windows.net/images/e43e98bb-1882-45bb-9197-6626e7e73f49/can-ho-chung-cu-lumiere-boulevard-mat-bang-TC_1.jpg]
[truststone.blob.core.windows.net/images/e43e98bb-1882-45bb-9197-6626e7e73f49/can-ho-chung-cu-lumiere-boulevard-mat-bang-TD_1.jpg]
[truststone.blob.core.windows.net/images/e43e98bb-1882-45bb-9197-6626e7e73f49/can-ho-chung-cu-lumiere-boulevard-mat-bang-TE_1.jpg]
[quyettranlux.com/projects/lumiere-boulevard-thanh-pho-ho-chi-minh.html]
[truststone.blob.core.windows.net/images/e43e98bb-1882-45bb-9197-6626e7e73f49/Layout-mặt-bằng-chi-tiết-căn-hộ-1-phòng-ngủ-Lumiere-Boulevard-bán-và-cho-thuê-căn-hộ-1PN-Lumiere-Boulevard-Mas]
[truststone.blob.core.windows.net/images/e43e98bb-1882-45bb-9197-6626e7e73f49/Layout-mặt-bằng-chi-tiết-căn-hộ-1-phòng-ngủ-Lumiere-Boulevard-bán-và-cho-thuê-căn-hộ-1-phòng-ngủ-Lumiere-Bou]
[truststone.blob.core.windows.net/images/e43e98bb-1882-45bb-9197-6626e7e73f49/z4902551400518_51ed6cd137b27831686e2b1975da0ba3.jpg]
[truststone.blob.core.windows.net/images/e43e98bb-1882-45bb-9197-6626e7e73f49/Layout-mặt-bằng-chi-tiết-căn-hộ-2-phòng-ngủ-Lumiere-Boulevard-bán-và-cho-thuê-căn-hộ-2-phòng-ngủ-Lumiere-Bou]
[truststone.blob.core.windows.net/images/e43e98bb-1882-45bb-9197-6626e7e73f49/Layout-mặt-bằng-chi-tiết-căn-hộ-2-phòng-ngủ-Lumiere-Boulevard-bán-và-cho-thuê-căn-hộ-2PN-Lumiere-Boulevard-Mas]
[truststone.blob.core.windows.net/images/e43e98bb-1882-45bb-9197-6626e7e73f49/Layout-mặt-bằng-chi-tiết-căn-hộ-3-phòng-ngủ-Lumiere-Boulevard-bán-và-cho-thuê-căn-hộ-3PN-Lumiere-Boulevard-Mas]
[truststone.blob.core.windows.net/images/e43e98bb-1882-45bb-9197-6626e7e73f49/z4902551392011_ebcc2152e6c07c6e8b5169bab5de8fe4_2.jpg]
[truststone.blob.core.windows.net/images/e43e98bb-1882-45bb-9197-6626e7e73f49/Layout-mặt-bằng-chi-tiết-căn-hộ-3-phòng-ngủ-Lumiere-Boulevard-bán-và-cho-thuê-căn-hộ-3-phòng-ngủ-kho-Lumiere]
[truststone.blob.core.windows.net/images/e43e98bb-1882-45bb-9197-6626e7e73f49/z4905606642421_27cb0d6e1fa0e3b24e63a2ed273f21fe.jpg]
[truststone.blob.core.windows.net/images/e43e98bb-1882-45bb-9197-6626e7e73f49/shophouse-Eaton-Park (1).jpg]
[truststone.blob.core.windows.net/images/e43e98bb-1882-45bb-9197-6626e7e73f49/Sanh-don-Eaton-Park.jpg]
[truststone.blob.core.windows.net/images/e43e98bb-1882-45bb-9197-6626e7e73f49/ho-boi-Eaton-Park (1).jpg]
[truststone.blob.core.windows.net/images/e43e98bb-1882-45bb-9197-6626e7e73f49/cong-vien-Eaton-Park.jpg]
[truststone.blob.core.windows.net/images/e43e98bb-1882-45bb-9197-6626e7e73f49/tien-ich-eaton-park-1400x777 (1).jpg]
[truststone.blob.core.windows.net/images/e43e98bb-1882-45bb-9197-6626e7e73f49/tien-ich-tang-thuong-eaton-park-1.jpg]
[truststone.blob.core.windows.net/images/e43e98bb-1882-45bb-9197-6626e7e73f49/cong-vien-eaton-park-1.jpg]
[truststone.blob.core.windows.net/images/e43e98bb-1882-45bb-9197-6626e7e73f49/cong-vien-eaton-park-2.jpg]
[truststone.blob.core.windows.net/images/e43e98bb-1882-45bb-9197-6626e7e73f49/khu-vui-choi-eaton-park-1.jpg]
[truststone.blob.core.windows.net/images/e43e98bb-1882-45bb-9197-6626e7e73f49/ho-boi-eaton-park-3.jpg]
[truststone.blob.core.windows.net/images/e43e98bb-1882-45bb-9197-6626e7e73f49/vi-tri-du-an_1.png]
[truststone.blob.core.windows.net/images/e43e98bb-1882-45bb-9197-6626e7e73f49/z4976486989588_99f490aef3ad3449c4b19f5765976c19.jpg]
[truststone.blob.core.windows.net/images/e43e98bb-1882-45bb-9197-6626e7e73f49/Screen Shot 2023-12-26 at 09.25.16_1.png]
[truststone.blob.core.windows.net/images/e43e98bb-1882-45bb-9197-6626e7e73f49/eaton-park-1pn.png]
[truststone.blob.core.windows.net/images/e43e98bb-1882-45bb-9197-6626e7e73f49/eaton-park-2pn.png]
[truststone.blob.core.windows.net/images/e43e98bb-1882-45bb-9197-6626e7e73f49/eaton-park-3pn.png]
[truststone.blob.core.windows.net/images/e43e98bb-1882-45bb-9197-6626e7e73f49/Screen Shot 2023-12-26 at 09.37.43.png]
[truststone.blob.core.windows.net/images/e43e98bb-1882-45bb-9197-6626e7e73f49/eaton-park-1pn_1.png]
[truststone.blob.core.windows.net/images/e43e98bb-1882-45bb-9197-6626e7e73f49/eaton-park-2pn_1.png]
[truststone.blob.core.windows.net/images/e43e98bb-1882-45bb-9197-6626e7e73f49/eaton-park-3pn_1.png]
[quyettranlux.com/projects/eaton-park-thanh-pho-ho-chi-minh.html]
[truststone.blob.core.windows.net/images/df6b02cb-c69c-4808-b071-64078607d758/photo_2023-02-28_11-54-02.jpg]
[truststone.blob.core.windows.net/images/df6b02cb-c69c-4808-b071-64078607d758/Celesta-Heights-nha-be-03-e1621857143962.jpg]
[truststone.blob.core.windows.net/images/df6b02cb-c69c-4808-b071-64078607d758/celesta-heighs-vi-tri.png]
[truststone.blob.core.windows.net/images/df6b02cb-c69c-4808-b071-64078607d758/Celesta-Heights-nha-be-04-1-e1621857469638.jpg]
[truststone.blob.core.windows.net/images/df6b02cb-c69c-4808-b071-64078607d758/photo_2024-02-27_19-29-50.jpg]
[truststone.blob.core.windows.net/images/df6b02cb-c69c-4808-b071-64078607d758/mat-bang-tien-ich-celesta-height-tang-tret.jpg]
[truststone.blob.core.windows.net/images/df6b02cb-c69c-4808-b071-64078607d758/255201298_1254183185097872_6548431042702136689_n.jpg]
[truststone.blob.core.windows.net/images/df6b02cb-c69c-4808-b071-64078607d758/celesta-heighs-khuon-vien.jpg]
[truststone.blob.core.windows.net/images/df6b02cb-c69c-4808-b071-64078607d758/celesta-heighs-tien-ich.jpg]
[truststone.blob.core.windows.net/images/df6b02cb-c69c-4808-b071-64078607d758/MB tổng.png]
[truststone.blob.core.windows.net/images/df6b02cb-c69c-4808-b071-64078607d758/photo_2023-02-28_11-54-29_1.jpg]
[quyettranlux.com/news/celesta-heights-nha-be-tong-quan-gia-ban-tien-do.html]
[truststone.blob.core.windows.net/images/df6b02cb-c69c-4808-b071-64078607d758/photo_2024-02-17_09-39-27_1.jpg]
[quyettranlux.com/news/tron-bo-phap-ly-du-an-eaton-park-quan-2-tap-doan-gamuda-land.html]
[truststone.blob.core.windows.net/images/df6b02cb-c69c-4808-b071-64078607d758/photo_2023-11-19_09-24-14_1.jpg]
[static.xx.fbcdn.net/images/emoji.php/v9/t7f/2/16/1f31f.png]
[truststone.blob.core.windows.net/images/df6b02cb-c69c-4808-b071-64078607d758/photo_2023-11-19_09-24-20.jpg]
[truststone.blob.core.windows.net/images/df6b02cb-c69c-4808-b071-64078607d758/424805689_950345733764250_147979767424189920_n.jpg]
[truststone.blob.core.windows.net/images/df6b02cb-c69c-4808-b071-64078607d758/photo_2023-11-19_09-24-11.jpg]
[quyettranlux.com/news/thuc-te-ban-giao-du-an-grand-marina-saigon-thang-22024.html]
[static.xx.fbcdn.net/images/emoji.php/v9/t35/2/16/2b50.png]
[static.xx.fbcdn.net/images/emoji.php/v9/tef/2/16/1f525.png]
[static.xx.fbcdn.net/images/emoji.php/v9/tf0/2/16/1f449.png]
[truststone.blob.core.windows.net/images/df6b02cb-c69c-4808-b071-64078607d758/425456205_912738487522422_595356546663223488_n.jpg]
[quyettranlux.com/news/du-an-eaton-park-chinh-thuc-nhan-booking.html]
[static.xx.fbcdn.net/images/emoji.php/v9/tf4/1/16/2728.png]
[static.xx.fbcdn.net/images/emoji.php/v9/t40/1/16/1f4a5.png]
[static.xx.fbcdn.net/images/emoji.php/v9/t33/1/16/2705.png]
[quyettranlux.com/news/dinh-nghia-chinh-xac-nhat-cho-cuoc-song-quite-luxury-tai-can-ho-sieu-sang-vua-moi-hoan-thien.html]
[quyettranlux.com/news/mua-zenity-vua-mua-vua-lai.html]
[quyettranlux.com/news/tim-hieu-can-ho-the-marq-4pn-cung-quyet-tran-nhe.html]
[quyettranlux.com/images/icons/tiktok.svg]
[quyettranlux.com/images/icons/facebook.svg]
[quyettranlux.com/images/icons/instargram.svg]
[quyettranlux.com/images/icons/youtube.svg]
[quyettranlux.com/privacy-policy.html]
[quyettranlux.com/terms-and-conditions.html]
[truststone.blob.core.windows.net/images/e43e98bb-1882-45bb-9197-6626e7e73f49/can-ho-chung-cu-Masteri-Centre-Point-3(1).jpg]
[truststone.blob.core.windows.net/images/e43e98bb-1882-45bb-9197-6626e7e73f49/can-ho-chung-cu-Masteri-Centre-Point-4(2).jpg]
[truststone.blob.core.windows.net/images/e43e98bb-1882-45bb-9197-6626e7e73f49/can-ho-chung-cu-Masteri-Centre-Point-6(1).jpg]
[truststone.blob.core.windows.net/images/e43e98bb-1882-45bb-9197-6626e7e73f49/can-ho-chung-cu-Masteri-Centre-Point-7(1).jpg]
[truststone.blob.core.windows.net/images/e43e98bb-1882-45bb-9197-6626e7e73f49/can-ho-chung-cu-Masteri-Centre-Point-8(1).jpg]
[truststone.blob.core.windows.net/images/e43e98bb-1882-45bb-9197-6626e7e73f49/can-ho-chung-cu-Masteri-Centre-Point-9(1).jpg]
[truststone.blob.core.windows.net/images/e43e98bb-1882-45bb-9197-6626e7e73f49/can-ho-chung-cu-Masteri-Centre-Point-10(1).jpg]
[truststone.blob.core.windows.net/images/e43e98bb-1882-45bb-9197-6626e7e73f49/can-ho-chung-cu-Masteri-Centre-Point-11(1).jpg]
[truststone.blob.core.windows.net/images/e43e98bb-1882-45bb-9197-6626e7e73f49/can-ho-chung-cu-Masteri-Centre-Point-12(1).jpg]
[truststone.blob.core.windows.net/images/e43e98bb-1882-45bb-9197-6626e7e73f49/1PN (1)-Added.jpg]
[truststone.blob.core.windows.net/images/e43e98bb-1882-45bb-9197-6626e7e73f49/2PN-Added-Masteri-Centre-Point.jpg]
[truststone.blob.core.windows.net/images/e43e98bb-1882-45bb-9197-6626e7e73f49/2PN-Added-Masteri-Centre-Point-1.jpg]
[truststone.blob.core.windows.net/images/e43e98bb-1882-45bb-9197-6626e7e73f49/Masteri-Centre-Point-3.jpg]
[truststone.blob.core.windows.net/images/e43e98bb-1882-45bb-9197-6626e7e73f49/Masteri-Centre-Point-4.jpg]
[truststone.blob.core.windows.net/images/e43e98bb-1882-45bb-9197-6626e7e73f49/Masteri-Centre-Point-5.jpg]
[truststone.blob.core.windows.net/images/e43e98bb-1882-45bb-9197-6626e7e73f49/Masteri-Centre-Point-11.jpg]
[truststone.blob.core.windows.net/images/e43e98bb-1882-45bb-9197-6626e7e73f49/Masteri-Centre-Point-2.jpg]
[truststone.blob.core.windows.net/images/e43e98bb-1882-45bb-9197-6626e7e73f49/Masteri-Centre-Point-12.jpg]
[truststone.blob.core.windows.net/images/e43e98bb-1882-45bb-9197-6626e7e73f49/Masteri-Centre-Point-10.jpg]
[truststone.blob.core.windows.net/images/e43e98bb-1882-45bb-9197-6626e7e73f49/Masteri-Centre-Point-8.jpg]
[truststone.blob.core.windows.net/images/e43e98bb-1882-45bb-9197-6626e7e73f49/Masteri-Centre-Point-7.jpg]
[truststone.blob.core.windows.net/images/e43e98bb-1882-45bb-9197-6626e7e73f49/Masteri-Centre-Point-6.jpg]
[truststone.blob.core.windows.net/images/e43e98bb-1882-45bb-9197-6626e7e73f49/Masteri-Centre-Point-9.jpg]
[truststone.blob.core.windows.net/images/e43e98bb-1882-45bb-9197-6626e7e73f49/MCP_EXT_Cam01 6k JPG- watermarked.jpg]
[truststone.blob.core.windows.net/images/e43e98bb-1882-45bb-9197-6626e7e73f49/Lift Lobby.jpg]
[truststone.blob.core.windows.net/images/e43e98bb-1882-45bb-9197-6626e7e73f49/can-ho-chung-cu-masteri-centre-point.jpg]
[truststone.blob.core.windows.net/images/e43e98bb-1882-45bb-9197-6626e7e73f49/can-ho-chung-cu-masteri-centre-point-2.jpg]
[truststone.blob.core.windows.net/images/e43e98bb-1882-45bb-9197-6626e7e73f49/Screenshot 2023-12-12 163703_1.png]
[truststone.blob.core.windows.net/images/e43e98bb-1882-45bb-9197-6626e7e73f49/Screenshot 2023-12-12 164007.png]
[truststone.blob.core.windows.net/images/e43e98bb-1882-45bb-9197-6626e7e73f49/IRT5Q2uk9RgmGYMgJm1ZoRgZ7KPQPmIzBZUeP2T3_1.jpg]
[truststone.blob.core.windows.net/images/e43e98bb-1882-45bb-9197-6626e7e73f49/Screenshot 2023-12-12 163536.jpg]
[truststone.blob.core.windows.net/images/e43e98bb-1882-45bb-9197-6626e7e73f49/can-ho-chung-cu-masteri-centre-point-mat-bang-9 (1).jpg]
[truststone.blob.core.windows.net/images/e43e98bb-1882-45bb-9197-6626e7e73f49/can-ho-chung-cu-masteri-centre-point-mat-bang.jpg]
[truststone.blob.core.windows.net/images/e43e98bb-1882-45bb-9197-6626e7e73f49/1pn.png]
[truststone.blob.core.windows.net/images/e43e98bb-1882-45bb-9197-6626e7e73f49/2pn.jpg]
[truststone.blob.core.windows.net/images/e43e98bb-1882-45bb-9197-6626e7e73f49/layout-ch-3pn.png]
[truststone.blob.core.windows.net/images/e43e98bb-1882-45bb-9197-6626e7e73f49/masteri-centre-point-mat-bang-toa-A.jpg]
[truststone.blob.core.windows.net/images/e43e98bb-1882-45bb-9197-6626e7e73f49/masteri-centre-point-mat-bang-toa-B.jpg]
[truststone.blob.core.windows.net/images/e43e98bb-1882-45bb-9197-6626e7e73f49/masteri-centre-point-mat-bang-toa-c.jpg]
[truststone.blob.core.windows.net/images/e43e98bb-1882-45bb-9197-6626e7e73f49/masteri-centre-point-mat-bang-toa-d.jpg]
[truststone.blob.core.windows.net/images/e43e98bb-1882-45bb-9197-6626e7e73f49/masteri-centre-point-mat-bang-toa-e.jpg]
[quyettranlux.com/projects/masteri-centre-point-thanh-pho-ho-chi-minh.html]
[truststone.blob.core.windows.net/images/e43e98bb-1882-45bb-9197-6626e7e73f49/Thao-Dien-Green-13.jpg]
[truststone.blob.core.windows.net/images/e43e98bb-1882-45bb-9197-6626e7e73f49/nha-pho-ID-Junction-3.jpg]
[quyettranlux.com/projectsc081.html]
[quyettranlux.com/news/can-duplex-ngay-quan-7-nhung-gia-chi-9-10-ty.html]
[quyettranlux.com/images/Untitled design (67).png]
[quyettranlux.com/news2c3c.html]
[truststone.blob.core.windows.net/images/e43e98bb-1882-45bb-9197-6626e7e73f49/Thao-Dien-Green-2.jpg]
[truststone.blob.core.windows.net/images/e43e98bb-1882-45bb-9197-6626e7e73f49/Thao-Dien-Green-8.jpg]
[truststone.blob.core.windows.net/images/e43e98bb-1882-45bb-9197-6626e7e73f49/Thao-Dien-Green-11.jpg]
[truststone.blob.core.windows.net/images/e43e98bb-1882-45bb-9197-6626e7e73f49/Thao-Dien-Green-12.jpg]
[truststone.blob.core.windows.net/images/e43e98bb-1882-45bb-9197-6626e7e73f49/Thao-Dien-Green-15.jpg]
[truststone.blob.core.windows.net/images/e43e98bb-1882-45bb-9197-6626e7e73f49/Thao-Dien-Green-13(1).jpg]
[truststone.blob.core.windows.net/images/e43e98bb-1882-45bb-9197-6626e7e73f49/Thao-Dien-Green-16.jpg]
[truststone.blob.core.windows.net/images/e43e98bb-1882-45bb-9197-6626e7e73f49/CAN-HO-THAO-DIEN-GREEN-1.jpg]
[truststone.blob.core.windows.net/images/e43e98bb-1882-45bb-9197-6626e7e73f49/CAN-HO-THAO-DIEN-GREEN-9.jpg]
[truststone.blob.core.windows.net/images/e43e98bb-1882-45bb-9197-6626e7e73f49/CAN-HO-THAO-DIEN-GREEN-8.jpg]
[truststone.blob.core.windows.net/images/e43e98bb-1882-45bb-9197-6626e7e73f49/CAN-HO-THAO-DIEN-GREEN-7.jpg]
[truststone.blob.core.windows.net/images/e43e98bb-1882-45bb-9197-6626e7e73f49/CAN-HO-THAO-DIEN-GREEN-6.jpg]
[truststone.blob.core.windows.net/images/e43e98bb-1882-45bb-9197-6626e7e73f49/CAN-HO-THAO-DIEN-GREEN-5.jpg]
[truststone.blob.core.windows.net/images/e43e98bb-1882-45bb-9197-6626e7e73f49/CAN-HO-THAO-DIEN-GREEN-4.jpg]
[truststone.blob.core.windows.net/images/e43e98bb-1882-45bb-9197-6626e7e73f49/CAN-HO-THAO-DIEN-GREEN-3.jpg]
[truststone.blob.core.windows.net/images/e43e98bb-1882-45bb-9197-6626e7e73f49/CAN-HO-THAO-DIEN-GREEN-2.jpg]
[truststone.blob.core.windows.net/images/e43e98bb-1882-45bb-9197-6626e7e73f49/Tien-ich-can-ho-Thao-Dien-Green-1-1536x864.jpg]
[truststone.blob.core.windows.net/images/e43e98bb-1882-45bb-9197-6626e7e73f49/thao-dien-green-towers-2.jpg]
[truststone.blob.core.windows.net/images/e43e98bb-1882-45bb-9197-6626e7e73f49/view Party Garden-TDG.jpg]
[truststone.blob.core.windows.net/images/e43e98bb-1882-45bb-9197-6626e7e73f49/thao-dien-green-towers-9.jpg]
[truststone.blob.core.windows.net/images/e43e98bb-1882-45bb-9197-6626e7e73f49/thao-dien-green-towers-8.jpg]
[truststone.blob.core.windows.net/images/e43e98bb-1882-45bb-9197-6626e7e73f49/thao-dien-green-towers-7.jpg]
[truststone.blob.core.windows.net/images/e43e98bb-1882-45bb-9197-6626e7e73f49/view Party Garden-TDG_1.jpg]
[truststone.blob.core.windows.net/images/e43e98bb-1882-45bb-9197-6626e7e73f49/can-ho-chung-cu-thao-dien-green-quan-2.png]
[truststone.blob.core.windows.net/images/e43e98bb-1882-45bb-9197-6626e7e73f49/Thao-Dien-Green-3-e1622877658756.jpg]
[truststone.blob.core.windows.net/images/e43e98bb-1882-45bb-9197-6626e7e73f49/TDG-MBTT tiện ích.jpg]
[truststone.blob.core.windows.net/images/e43e98bb-1882-45bb-9197-6626e7e73f49/TDG-Typical-floor-plan-1536x772.jpg]
[truststone.blob.core.windows.net/images/e43e98bb-1882-45bb-9197-6626e7e73f49/TDG-3D Layout-1BR.jpg]
[truststone.blob.core.windows.net/images/e43e98bb-1882-45bb-9197-6626e7e73f49/TDG-3D Layout-2BR.jpg]
[truststone.blob.core.windows.net/images/e43e98bb-1882-45bb-9197-6626e7e73f49/TDG-3D Layout-3BR.jpg]
[quyettranlux.com/projects/thao-dien-green-thanh-pho-ho-chi-minh.html]
[truststone.blob.core.windows.net/images/e43e98bb-1882-45bb-9197-6626e7e73f49/can-ho-chung-cu-ID-Junction-2.jpg]
[truststone.blob.core.windows.net/images/e43e98bb-1882-45bb-9197-6626e7e73f49/can-ho-chung-cu-ID-Junction-1.jpg]
[truststone.blob.core.windows.net/images/e43e98bb-1882-45bb-9197-6626e7e73f49/nha-pho-ID-Junction-1.jpg]
[truststone.blob.core.windows.net/images/e43e98bb-1882-45bb-9197-6626e7e73f49/nha-pho-ID-Junction-2.jpg]
[truststone.blob.core.windows.net/images/e43e98bb-1882-45bb-9197-6626e7e73f49/nha-pho-ID-Junction-4.jpg]
[truststone.blob.core.windows.net/images/e43e98bb-1882-45bb-9197-6626e7e73f49/nha-pho-ID-Junction-5.jpg]
[truststone.blob.core.windows.net/images/e43e98bb-1882-45bb-9197-6626e7e73f49/nha-pho-ID-Junction-3_1.jpg]
[truststone.blob.core.windows.net/images/e43e98bb-1882-45bb-9197-6626e7e73f49/nha-pho-ID-Junction-6.jpg]
[truststone.blob.core.windows.net/images/e43e98bb-1882-45bb-9197-6626e7e73f49/nha-pho-ID-Junction-5-7.jpg]
[truststone.blob.core.windows.net/images/e43e98bb-1882-45bb-9197-6626e7e73f49/nha-pho-ID-Junction-8.jpg]
[truststone.blob.core.windows.net/images/e43e98bb-1882-45bb-9197-6626e7e73f49/nha-pho-ID-Junction-9.jpg]
[truststone.blob.core.windows.net/images/e43e98bb-1882-45bb-9197-6626e7e73f49/nha-pho-ID-Junction-10.jpg]
[truststone.blob.core.windows.net/images/e43e98bb-1882-45bb-9197-6626e7e73f49/nha-pho-ID-Junction-11.jpg]
[truststone.blob.core.windows.net/images/e43e98bb-1882-45bb-9197-6626e7e73f49/nha-pho-ID-Junction-12.jpg]
[truststone.blob.core.windows.net/images/e43e98bb-1882-45bb-9197-6626e7e73f49/nha-pho-ID-Junction-13.jpg]
[truststone.blob.core.windows.net/images/e43e98bb-1882-45bb-9197-6626e7e73f49/nha-pho-ID-Junction-14.jpg]
[truststone.blob.core.windows.net/images/e43e98bb-1882-45bb-9197-6626e7e73f49/nha-pho-ID-Junction-15.jpg]
[truststone.blob.core.windows.net/images/e43e98bb-1882-45bb-9197-6626e7e73f49/nha-pho-ID-Junction-16.jpg]
[truststone.blob.core.windows.net/images/e43e98bb-1882-45bb-9197-6626e7e73f49/nha-pho-ID-Junction-17.jpg]
[truststone.blob.core.windows.net/images/e43e98bb-1882-45bb-9197-6626e7e73f49/mat-bang-ID-Junction.jpg]
[truststone.blob.core.windows.net/images/e43e98bb-1882-45bb-9197-6626e7e73f49/mat-bang-ID-Junction-2.jpg]
[truststone.blob.core.windows.net/images/e43e98bb-1882-45bb-9197-6626e7e73f49/mat-bang-ID-Junction-1.jpg]
[truststone.blob.core.windows.net/images/e43e98bb-1882-45bb-9197-6626e7e73f49/mat-bang-ID-Junction-3_1.jpg]
[truststone.blob.core.windows.net/images/e43e98bb-1882-45bb-9197-6626e7e73f49/mat-bang-ID-Junction-1-4_1.jpg]
[truststone.blob.core.windows.net/images/e43e98bb-1882-45bb-9197-6626e7e73f49/mat-bang-ID-Junction-5_1.jpg]
[quyettranlux.com/projects/id-junction-tinh-dong-nai.html]
[quyettranlux.com/projectscf1e.html]
[quyettranlux.com/news/du-an-tai-quan-7-cuoi-cung-cung-da-co.html]
[quyettranlux.com/newsf5a1.html]
